// Jest Snapshot v1, https://goo.gl/fbAQLP

exports[`App renders correctly 1`] = `
<div>
  <nav>
    <button>
      foo
    </button>
    <button>
      bar
    </button>
  </nav>
  <div
    data-testid="container"
  >
    FOO
  </div>
</div>
`;
