// Jest Snapshot v1, https://goo.gl/fbAQLP

exports[`Renders with specified title 1`] = `
<div>
  Webpack
</div>
`;
